------------------------------------------------------------
TimeQuest Timing Analyzer Summary
------------------------------------------------------------

Type  : Slow 1200mV 85C Model Setup 'CLK'
Slack : -0.368
TNS   : -0.941

Type  : Slow 1200mV 85C Model Hold 'CLK'
Slack : 0.356
TNS   : 0.000

Type  : Slow 1200mV 85C Model Recovery 'CLK'
Slack : -0.891
TNS   : -5.346

Type  : Slow 1200mV 85C Model Removal 'CLK'
Slack : 1.175
TNS   : 0.000

Type  : Slow 1200mV 85C Model Minimum Pulse Width 'CLK'
Slack : -3.000
TNS   : -9.000

Type  : Slow 1200mV 0C Model Setup 'CLK'
Slack : -0.217
TNS   : -0.390

Type  : Slow 1200mV 0C Model Hold 'CLK'
Slack : 0.311
TNS   : 0.000

Type  : Slow 1200mV 0C Model Recovery 'CLK'
Slack : -0.695
TNS   : -4.170

Type  : Slow 1200mV 0C Model Removal 'CLK'
Slack : 1.057
TNS   : 0.000

Type  : Slow 1200mV 0C Model Minimum Pulse Width 'CLK'
Slack : -3.000
TNS   : -9.000

Type  : Fast 1200mV 0C Model Setup 'CLK'
Slack : 0.232
TNS   : 0.000

Type  : Fast 1200mV 0C Model Hold 'CLK'
Slack : 0.186
TNS   : 0.000

Type  : Fast 1200mV 0C Model Recovery 'CLK'
Slack : -0.067
TNS   : -0.402

Type  : Fast 1200mV 0C Model Removal 'CLK'
Slack : 0.645
TNS   : 0.000

Type  : Fast 1200mV 0C Model Minimum Pulse Width 'CLK'
Slack : -3.000
TNS   : -9.366

------------------------------------------------------------
